###############################################################################
#
# IAR ELF Linker V8.32.2.178/W32 for ARM                  20/Feb/2019  23:46:45
# Copyright 2007-2018 IAR Systems AB.
#
#    Output file  =  
#        C:\Users\AUAVT\Desktop\STM32\SPISDCARD - GPS -
#        OLED\EWARM\SPISDCARD\Exe\SPISDCARD.out
#    Map file     =  
#        C:\Users\AUAVT\Desktop\STM32\SPISDCARD - GPS -
#        OLED\EWARM\SPISDCARD\List\SPISDCARD.map
#    Command line =  
#        -f C:\Users\AUAVT\AppData\Local\Temp\EW8D65.tmp
#        ("C:\Users\AUAVT\Desktop\STM32\SPISDCARD - GPS -
#        OLED\EWARM\SPISDCARD\Obj\diskio.o"
#        "C:\Users\AUAVT\Desktop\STM32\SPISDCARD - GPS -
#        OLED\EWARM\SPISDCARD\Obj\fatfs.o"
#        "C:\Users\AUAVT\Desktop\STM32\SPISDCARD - GPS -
#        OLED\EWARM\SPISDCARD\Obj\fatfs_sd.o"
#        "C:\Users\AUAVT\Desktop\STM32\SPISDCARD - GPS -
#        OLED\EWARM\SPISDCARD\Obj\ff.o" "C:\Users\AUAVT\Desktop\STM32\SPISDCARD
#        - GPS - OLED\EWARM\SPISDCARD\Obj\ff_gen_drv.o"
#        "C:\Users\AUAVT\Desktop\STM32\SPISDCARD - GPS -
#        OLED\EWARM\SPISDCARD\Obj\gpsparser.o"
#        "C:\Users\AUAVT\Desktop\STM32\SPISDCARD - GPS -
#        OLED\EWARM\SPISDCARD\Obj\main.o"
#        "C:\Users\AUAVT\Desktop\STM32\SPISDCARD - GPS -
#        OLED\EWARM\SPISDCARD\Obj\oledprint.o"
#        "C:\Users\AUAVT\Desktop\STM32\SPISDCARD - GPS -
#        OLED\EWARM\SPISDCARD\Obj\ssd1306.o"
#        "C:\Users\AUAVT\Desktop\STM32\SPISDCARD - GPS -
#        OLED\EWARM\SPISDCARD\Obj\ssd1306_fonts.o"
#        "C:\Users\AUAVT\Desktop\STM32\SPISDCARD - GPS -
#        OLED\EWARM\SPISDCARD\Obj\startup_stm32f411xe.o"
#        "C:\Users\AUAVT\Desktop\STM32\SPISDCARD - GPS -
#        OLED\EWARM\SPISDCARD\Obj\stm32f4xx_hal.o"
#        "C:\Users\AUAVT\Desktop\STM32\SPISDCARD - GPS -
#        OLED\EWARM\SPISDCARD\Obj\stm32f4xx_hal_adc.o"
#        "C:\Users\AUAVT\Desktop\STM32\SPISDCARD - GPS -
#        OLED\EWARM\SPISDCARD\Obj\stm32f4xx_hal_adc_ex.o"
#        "C:\Users\AUAVT\Desktop\STM32\SPISDCARD - GPS -
#        OLED\EWARM\SPISDCARD\Obj\stm32f4xx_hal_cortex.o"
#        "C:\Users\AUAVT\Desktop\STM32\SPISDCARD - GPS -
#        OLED\EWARM\SPISDCARD\Obj\stm32f4xx_hal_dma.o"
#        "C:\Users\AUAVT\Desktop\STM32\SPISDCARD - GPS -
#        OLED\EWARM\SPISDCARD\Obj\stm32f4xx_hal_dma_ex.o"
#        "C:\Users\AUAVT\Desktop\STM32\SPISDCARD - GPS -
#        OLED\EWARM\SPISDCARD\Obj\stm32f4xx_hal_flash.o"
#        "C:\Users\AUAVT\Desktop\STM32\SPISDCARD - GPS -
#        OLED\EWARM\SPISDCARD\Obj\stm32f4xx_hal_flash_ex.o"
#        "C:\Users\AUAVT\Desktop\STM32\SPISDCARD - GPS -
#        OLED\EWARM\SPISDCARD\Obj\stm32f4xx_hal_flash_ramfunc.o"
#        "C:\Users\AUAVT\Desktop\STM32\SPISDCARD - GPS -
#        OLED\EWARM\SPISDCARD\Obj\stm32f4xx_hal_gpio.o"
#        "C:\Users\AUAVT\Desktop\STM32\SPISDCARD - GPS -
#        OLED\EWARM\SPISDCARD\Obj\stm32f4xx_hal_i2c.o"
#        "C:\Users\AUAVT\Desktop\STM32\SPISDCARD - GPS -
#        OLED\EWARM\SPISDCARD\Obj\stm32f4xx_hal_i2c_ex.o"
#        "C:\Users\AUAVT\Desktop\STM32\SPISDCARD - GPS -
#        OLED\EWARM\SPISDCARD\Obj\stm32f4xx_hal_msp.o"
#        "C:\Users\AUAVT\Desktop\STM32\SPISDCARD - GPS -
#        OLED\EWARM\SPISDCARD\Obj\stm32f4xx_hal_pwr.o"
#        "C:\Users\AUAVT\Desktop\STM32\SPISDCARD - GPS -
#        OLED\EWARM\SPISDCARD\Obj\stm32f4xx_hal_pwr_ex.o"
#        "C:\Users\AUAVT\Desktop\STM32\SPISDCARD - GPS -
#        OLED\EWARM\SPISDCARD\Obj\stm32f4xx_hal_rcc.o"
#        "C:\Users\AUAVT\Desktop\STM32\SPISDCARD - GPS -
#        OLED\EWARM\SPISDCARD\Obj\stm32f4xx_hal_rcc_ex.o"
#        "C:\Users\AUAVT\Desktop\STM32\SPISDCARD - GPS -
#        OLED\EWARM\SPISDCARD\Obj\stm32f4xx_hal_spi.o"
#        "C:\Users\AUAVT\Desktop\STM32\SPISDCARD - GPS -
#        OLED\EWARM\SPISDCARD\Obj\stm32f4xx_hal_tim.o"
#        "C:\Users\AUAVT\Desktop\STM32\SPISDCARD - GPS -
#        OLED\EWARM\SPISDCARD\Obj\stm32f4xx_hal_tim_ex.o"
#        "C:\Users\AUAVT\Desktop\STM32\SPISDCARD - GPS -
#        OLED\EWARM\SPISDCARD\Obj\stm32f4xx_hal_uart.o"
#        "C:\Users\AUAVT\Desktop\STM32\SPISDCARD - GPS -
#        OLED\EWARM\SPISDCARD\Obj\stm32f4xx_it.o"
#        "C:\Users\AUAVT\Desktop\STM32\SPISDCARD - GPS -
#        OLED\EWARM\SPISDCARD\Obj\syscall.o"
#        "C:\Users\AUAVT\Desktop\STM32\SPISDCARD - GPS -
#        OLED\EWARM\SPISDCARD\Obj\system_stm32f4xx.o"
#        "C:\Users\AUAVT\Desktop\STM32\SPISDCARD - GPS -
#        OLED\EWARM\SPISDCARD\Obj\user_diskio.o" --redirect _Printf=_PrintfFull
#        --redirect _Scanf=_ScanfFull --no_out_extension -o
#        "C:\Users\AUAVT\Desktop\STM32\SPISDCARD - GPS -
#        OLED\EWARM\SPISDCARD\Exe\SPISDCARD.out" --map
#        "C:\Users\AUAVT\Desktop\STM32\SPISDCARD - GPS -
#        OLED\EWARM\SPISDCARD\List\SPISDCARD.map" --config
#        "C:\Users\AUAVT\Desktop\STM32\SPISDCARD - GPS -
#        OLED\EWARM/stm32f411xe_flash.icf" --semihosting --entry
#        __iar_program_start --vfe --text_out locale)
#
###############################################################################

*******************************************************************************
*** RUNTIME MODEL ATTRIBUTES
***

CppFlavor       = *
__SystemLibrary = DLib
__dlib_version  = 6


*******************************************************************************
*** HEAP SELECTION
***

The basic heap was selected because no calls to memory allocation
functions were found in the application outside of system library
functions, and there are calls to deallocation functions in the
application.


*******************************************************************************
*** PLACEMENT SUMMARY
***

"A0":  place at 0x800'0000 { ro section .intvec };
"P1":  place in [from 0x800'0000 to 0x807'ffff] { ro };
define block CSTACK with size = 16K, alignment = 8 { };
define block HEAP with size = 8K, alignment = 8 { };
"P2":  place in [from 0x2000'0000 to 0x2001'ffff] {
          rw, block CSTACK, block HEAP };
initialize by copy { rw };

  Section            Kind         Address    Size  Object
  -------            ----         -------    ----  ------
"A0":                                       0x198
  .intvec            ro code   0x800'0000   0x198  startup_stm32f411xe.o [1]
                             - 0x800'0198   0x198

"P1":                                      0x86fb
  .text              ro code   0x800'0198  0x181e  ff.o [1]
  .text              ro code   0x800'19b6    0x7a  lz77_init_single.o [4]
  .text              ro code   0x800'1a30    0x80  diskio.o [1]
  .text              ro code   0x800'1ab0     0x6  ABImemclr.o [4]
  .text              ro code   0x800'1ab6    0x3a  zero_init3.o [4]
  .text              ro code   0x800'1af0    0x66  ABImemset.o [4]
  .text              ro code   0x800'1b56    0x1e  xencoding_8859_1.o [2]
  .text              ro code   0x800'1b74    0x1c  fatfs.o [1]
  .text              ro code   0x800'1b90    0x40  ff_gen_drv.o [1]
  .text              ro code   0x800'1bd0   0xf46  xprintffull.o [2]
  .text              ro code   0x800'2b16    0x1a  xsnprout.o [2]
  .text              ro code   0x800'2b30    0x78  xlocale_c.o [2]
  .text              ro code   0x800'2ba8    0x16  strchr.o [4]
  .text              ro code   0x800'2bbe     0xa  xsprout.o [2]
  .text              ro code   0x800'2bc8    0x40  xfail_s.o [2]
  .text              ro code   0x800'2c08    0x36  strlen.o [4]
  .text              ro code   0x800'2c40    0x58  memchr.o [4]
  .text              ro code   0x800'2c98     0xa  xmbcurmax.o [2]
  .text              ro code   0x800'2ca4    0xa6  ABImemcpy.o [4]
  .text              ro code   0x800'2d4c   0x230  I64DivMod.o [4]
  .text              ro code   0x800'2f7c   0x1a2  DblMul.o [3]
  .text              ro code   0x800'3120    0x70  frexp.o [3]
  .text              ro code   0x800'3190    0x2e  DblCmpLe.o [3]
  .text              ro code   0x800'31c0    0x2e  DblCmpGe.o [3]
  .text              ro code   0x800'31f0   0x13a  ldexp.o [3]
  .text              ro code   0x800'332c    0x3a  DblToS32.o [3]
  .text              ro code   0x800'3368    0x22  S32ToDbl.o [3]
  .text              ro code   0x800'338c    0xe2  DblSub.o [3]
  .text              ro code   0x800'3470   0x246  DblDiv.o [3]
  .text              ro code   0x800'36b8    0x28  DblToU32.o [3]
  .text              ro code   0x800'36e0    0x1a  U32ToDbl.o [3]
  .text              ro code   0x800'36fa     0x6  abort.o [2]
  .text              ro code   0x800'3700     0x2  I64DivZer.o [4]
  .text              ro code   0x800'3704   0x17a  DblAdd.o [3]
  .text              ro code   0x800'3880    0x14  exit.o [5]
  .text              ro code   0x800'3894   0xcb0  fatfs_sd.o [1]
  .text              ro code   0x800'4544   0x560  stm32f4xx_hal_spi.o [1]
  .text              ro code   0x800'4aa4   0x1c4  stm32f4xx_hal_gpio.o [1]
  .text              ro code   0x800'4c68   0x1f4  stm32f4xx_hal_msp.o [1]
  .text              ro code   0x800'4e5c     0xc  stm32f4xx_hal.o [1]
  .text              ro code   0x800'4e68   0x95c  ssd1306.o [1]
  .text              ro code   0x800'57c4    0x2c  stm32f4xx_hal.o [1]
  .text              ro code   0x800'57f0   0x498  stm32f4xx_hal_i2c.o [1]
  .text              ro code   0x800'5c88     0x6  ABImemclr4.o [4]
  .text              ro code   0x800'5c90   0x1b8  stm32f4xx_hal_rcc.o [1]
  .text              ro code   0x800'5e48    0x32  ABImemset48.o [4]
  .text              ro code   0x800'5e7c    0x48  stm32f4xx_hal.o [1]
  .text              ro code   0x800'5ec4    0xa4  stm32f4xx_hal_cortex.o [1]
  .rodata            const     0x800'5f68   0x76c  ssd1306_fonts.o [1]
  .text              ro code   0x800'66d4   0x5ea  main.o [1]
  .text              ro code   0x800'6cc0    0x38  stm32f4xx_hal.o [1]
  .text              ro code   0x800'6cf8   0x3b4  stm32f4xx_hal_uart.o [1]
  .text              ro code   0x800'70ac   0x3d0  stm32f4xx_hal_adc.o [1]
  .text              ro code   0x800'747c    0x44  snprintf.o [2]
  .text              ro code   0x800'74c0    0x48  FltToDbl.o [3]
  .text              ro code   0x800'7508    0x68  DblToFlt.o [3]
  .text              ro code   0x800'7570    0x96  gpsparser.o [1]
  .text              ro code   0x800'7608    0xa4  log10f.o [3]
  .text              ro code   0x800'76ac   0x3e4  pow32.o [3]
  .text              ro code   0x800'7a90    0x40  sprintf.o [2]
  .text              ro code   0x800'7ad0   0x140  oledprint.o [1]
  .text              ro code   0x800'7c10   0x354  stm32f4xx_hal_rcc.o [1]
  .text              ro code   0x800'7f64    0x4c  strtok.o [2]
  .text              ro code   0x800'7fb0    0x70  strncpy.o [4]
  .text              ro code   0x800'8020    0xc0  logf.o [3]
  .text              ro code   0x800'80e0    0x48  frexpf.o [3]
  .text              ro code   0x800'8128   0x27c  iar_Exp32.o [3]
  .text              ro code   0x800'83a4    0x22  strspn.o [2]
  .text              ro code   0x800'83c6    0x22  strcspn.o [2]
  .text              ro code   0x800'83e8    0xc4  ldexpf.o [3]
  .rodata            const     0x800'84ac    0x80  ff.o [1]
  .text              ro code   0x800'852c    0x68  system_stm32f4xx.o [1]
  .rodata            const     0x800'8594    0x44  logf.o [3]
  .text              ro code   0x800'85d8    0x28  data_init.o [4]
  .text              ro code   0x800'8600    0x22  fpinit_M.o [3]
  .iar.init_table    const     0x800'8624    0x20  - Linker created -
  .text              ro code   0x800'8644    0x1e  cmain.o [4]
  .text              ro code   0x800'8662     0x4  low_level_init.o [2]
  .text              ro code   0x800'8666     0x4  exit.o [2]
  .text              ro code   0x800'866c     0xa  cexit.o [4]
  .text              ro code   0x800'8676    0x14  stm32f4xx_it.o [1]
  .text              ro code   0x800'868c    0x10  stm32f4xx_hal.o [1]
  .text              ro code   0x800'869c    0x14  user_diskio.o [1]
  .text              ro code   0x800'86b0    0x10  startup_stm32f411xe.o [1]
  .text              ro code   0x800'86c0     0xc  cstartup_M.o [4]
  .rodata            const     0x800'86cc     0x8  system_stm32f4xx.o [1]
  .rodata            const     0x800'86d4     0x6  xlocale_c.o [2]
  .text              ro code   0x800'86da     0x4  startup_stm32f411xe.o [1]
  .text              ro code   0x800'86de     0x4  startup_stm32f411xe.o [1]
  .text              ro code   0x800'86e2     0x4  startup_stm32f411xe.o [1]
  .text              ro code   0x800'86e6     0x4  startup_stm32f411xe.o [1]
  .text              ro code   0x800'86ea     0x4  startup_stm32f411xe.o [1]
  .text              ro code   0x800'86ee     0x4  startup_stm32f411xe.o [1]
  .text              ro code   0x800'86f2     0x4  startup_stm32f411xe.o [1]
  .text              ro code   0x800'86f6     0x4  startup_stm32f411xe.o [1]
  .text              ro code   0x800'86fa     0x4  startup_stm32f411xe.o [1]
  .text              ro code   0x800'86fe     0x4  startup_stm32f411xe.o [1]
  .text              ro code   0x800'8702     0x4  startup_stm32f411xe.o [1]
  .text              ro code   0x800'8706     0x4  startup_stm32f411xe.o [1]
  .text              ro code   0x800'870a     0x4  startup_stm32f411xe.o [1]
  .text              ro code   0x800'870e     0x4  startup_stm32f411xe.o [1]
  .text              ro code   0x800'8712     0x4  startup_stm32f411xe.o [1]
  .text              ro code   0x800'8716     0x4  startup_stm32f411xe.o [1]
  .text              ro code   0x800'871a     0x4  startup_stm32f411xe.o [1]
  .text              ro code   0x800'871e     0x4  startup_stm32f411xe.o [1]
  .text              ro code   0x800'8722     0x4  startup_stm32f411xe.o [1]
  .text              ro code   0x800'8726     0x4  startup_stm32f411xe.o [1]
  .text              ro code   0x800'872a     0x4  startup_stm32f411xe.o [1]
  .text              ro code   0x800'872e     0x4  startup_stm32f411xe.o [1]
  .text              ro code   0x800'8732     0x4  startup_stm32f411xe.o [1]
  .text              ro code   0x800'8736     0x4  startup_stm32f411xe.o [1]
  .text              ro code   0x800'873a     0x4  startup_stm32f411xe.o [1]
  .text              ro code   0x800'873e     0x4  startup_stm32f411xe.o [1]
  .text              ro code   0x800'8742     0x4  startup_stm32f411xe.o [1]
  .text              ro code   0x800'8746     0x4  startup_stm32f411xe.o [1]
  .text              ro code   0x800'874a     0x4  startup_stm32f411xe.o [1]
  .text              ro code   0x800'874e     0x4  startup_stm32f411xe.o [1]
  .text              ro code   0x800'8752     0x4  startup_stm32f411xe.o [1]
  .text              ro code   0x800'8756     0x4  startup_stm32f411xe.o [1]
  .text              ro code   0x800'875a     0x4  startup_stm32f411xe.o [1]
  .text              ro code   0x800'875e     0x4  startup_stm32f411xe.o [1]
  .text              ro code   0x800'8762     0x4  startup_stm32f411xe.o [1]
  .text              ro code   0x800'8766     0x4  startup_stm32f411xe.o [1]
  .text              ro code   0x800'876a     0x4  startup_stm32f411xe.o [1]
  .text              ro code   0x800'876e     0x4  startup_stm32f411xe.o [1]
  .text              ro code   0x800'8772     0x4  startup_stm32f411xe.o [1]
  .text              ro code   0x800'8776     0x4  startup_stm32f411xe.o [1]
  .text              ro code   0x800'877a     0x4  startup_stm32f411xe.o [1]
  .text              ro code   0x800'877e     0x4  startup_stm32f411xe.o [1]
  .text              ro code   0x800'8782     0x4  startup_stm32f411xe.o [1]
  .text              ro code   0x800'8786     0x4  startup_stm32f411xe.o [1]
  .text              ro code   0x800'878a     0x4  startup_stm32f411xe.o [1]
  .text              ro code   0x800'878e     0x4  startup_stm32f411xe.o [1]
  .text              ro code   0x800'8792     0x4  startup_stm32f411xe.o [1]
  .text              ro code   0x800'8796     0x4  startup_stm32f411xe.o [1]
  .text              ro code   0x800'879a     0x4  startup_stm32f411xe.o [1]
  .text              ro code   0x800'879e     0x4  startup_stm32f411xe.o [1]
  .text              ro code   0x800'87a2     0x4  startup_stm32f411xe.o [1]
  .text              ro code   0x800'87a6     0x4  startup_stm32f411xe.o [1]
  .text              ro code   0x800'87aa     0x4  startup_stm32f411xe.o [1]
  .text              ro code   0x800'87ae     0x4  startup_stm32f411xe.o [1]
  .text              ro code   0x800'87b2     0x4  startup_stm32f411xe.o [1]
  .text              ro code   0x800'87b6     0x4  startup_stm32f411xe.o [1]
  .text              ro code   0x800'87ba     0x4  startup_stm32f411xe.o [1]
  .rodata            const     0x800'87be     0x0  zero_init3.o [4]
  .rodata            const     0x800'87be     0x0  lz77_init_single.o [4]
  Initializer bytes  const     0x800'87be    0xd5  <for P2-1>
                             - 0x800'8893  0x86fb

"P2", part 1 of 3:                         0x2d4b
  P2-1                        0x2000'0000  0x2d4b  <Init block>
    .data            inited   0x2000'0000  0x2c9c  main.o [1]
    .data            inited   0x2000'2c9c     0x8  ssd1306_fonts.o [1]
    .data            inited   0x2000'2ca4     0xc  stm32f4xx_hal.o [1]
    .data            inited   0x2000'2cb0     0x4  system_stm32f4xx.o [1]
    .data            inited   0x2000'2cb4    0x14  user_diskio.o [1]
    .data            inited   0x2000'2cc8    0x38  xlocale_c.o [2]
    .data            inited   0x2000'2d00    0x48  xlocale_c.o [2]
    .data            inited   0x2000'2d48     0x3  fatfs_sd.o [1]
                            - 0x2000'2d4b  0x2d4b

"P2", part 2 of 3:                          0x484
  .bss               zero     0x2000'2d4c   0x408  ssd1306.o [1]
  .bss               zero     0x2000'3154    0x28  oledprint.o [1]
  .bss               zero     0x2000'317c    0x20  ff.o [1]
  .bss               zero     0x2000'319c     0xc  ff_gen_drv.o [1]
  .bss               zero     0x2000'31a8     0xc  gpsparser.o [1]
  .bss               zero     0x2000'31b4     0x8  fatfs.o [1]
  .bss               zero     0x2000'31bc     0x8  ff.o [1]
  .bss               zero     0x2000'31c4     0x4  strtok.o [2]
  .bss               zero     0x2000'31c8     0x4  xfail_s.o [2]
  .bss               zero     0x2000'31cc     0x1  main.o [1]
  .bss               zero     0x2000'31cd     0x1  main.o [1]
                            - 0x2000'31ce   0x482

"P2", part 3 of 3:                         0x4000
  CSTACK                      0x2000'31d0  0x4000  <Block>
    CSTACK           uninit   0x2000'31d0  0x4000  <Block tail>
                            - 0x2000'71d0  0x4000

Unused ranges:

         From           To      Size
         ----           --      ----
   0x800'8893   0x807'ffff  0x7'776d
  0x2000'2d4b  0x2000'2d4b       0x1
  0x2000'71d0  0x2001'ffff  0x1'8e30


*******************************************************************************
*** INIT TABLE
***

          Address      Size
          -------      ----
Zero (__iar_zero_init3)
    1 destination range, total size 0x482:
          0x2000'2d4c   0x482

Copy/lz77 (__iar_lz77_init_single3)
    1 source range, total size 0xd5 (1% of destination):
           0x800'87be    0xd5
    1 destination range, total size 0x2d4b:
          0x2000'0000  0x2d4b



*******************************************************************************
*** MODULE SUMMARY
***

    Module                  ro code  ro data  rw data
    ------                  -------  -------  -------
command line/config:
    -------------------------------------------------
    Total:

C:\Users\AUAVT\Desktop\STM32\SPISDCARD - GPS - OLED\EWARM\SPISDCARD\Obj: [1]
    diskio.o                    128
    fatfs.o                      28                 8
    fatfs_sd.o                3 248        1        3
    ff.o                      6 174      128       40
    ff_gen_drv.o                 64                12
    gpsparser.o                 150                12
    main.o                    1 514      209   11 422
    oledprint.o                 320                40
    ssd1306.o                 2 396             1 032
    ssd1306_fonts.o                    1 900        8
    startup_stm32f411xe.o       652
    stm32f4xx_hal.o             200        1       12
    stm32f4xx_hal_adc.o         976
    stm32f4xx_hal_cortex.o      164
    stm32f4xx_hal_gpio.o        452
    stm32f4xx_hal_i2c.o       1 176
    stm32f4xx_hal_msp.o         500
    stm32f4xx_hal_rcc.o       1 292
    stm32f4xx_hal_spi.o       1 376
    stm32f4xx_hal_uart.o        948
    stm32f4xx_it.o               20
    system_stm32f4xx.o          104        8        4
    user_diskio.o                20                20
    -------------------------------------------------
    Total:                   21 902    2 247   12 613

dl7M_tlf.a: [2]
    abort.o                       6
    exit.o                        4
    low_level_init.o              4
    snprintf.o                   68
    sprintf.o                    64
    strcspn.o                    34
    strspn.o                     34
    strtok.o                     76                 4
    xencoding_8859_1.o           30
    xfail_s.o                    64                 4
    xlocale_c.o                 120        8      128
    xmbcurmax.o                  10
    xprintffull.o             3 910
    xsnprout.o                   26
    xsprout.o                    10
    -------------------------------------------------
    Total:                    4 460        8      136

m7M_tls.a: [3]
    DblAdd.o                    378
    DblCmpGe.o                   46
    DblCmpLe.o                   46
    DblDiv.o                    582
    DblMul.o                    418
    DblSub.o                    226
    DblToFlt.o                  104
    DblToS32.o                   58
    DblToU32.o                   40
    FltToDbl.o                   72
    S32ToDbl.o                   34
    U32ToDbl.o                   26
    fpinit_M.o                   34
    frexp.o                     112
    frexpf.o                     72
    iar_Exp32.o                 636
    ldexp.o                     314
    ldexpf.o                    196
    log10f.o                    164
    logf.o                      192       68
    pow32.o                     996
    -------------------------------------------------
    Total:                    4 746       68

rt7M_tl.a: [4]
    ABImemclr.o                   6
    ABImemclr4.o                  6
    ABImemcpy.o                 166
    ABImemset.o                 102
    ABImemset48.o                50
    I64DivMod.o                 560
    I64DivZer.o                   2
    cexit.o                      10
    cmain.o                      30
    cstartup_M.o                 12
    data_init.o                  40
    lz77_init_single.o          122
    memchr.o                     88
    strchr.o                     22
    strlen.o                     54
    strncpy.o                   112
    zero_init3.o                 58
    -------------------------------------------------
    Total:                    1 440

shb_l.a: [5]
    exit.o                       20
    -------------------------------------------------
    Total:                       20

    Gaps                         38        2
    Linker created                        32   16 384
-----------------------------------------------------
    Grand Total:             32 606    2 357   29 133


*******************************************************************************
*** ENTRY LIST
***

Entry                       Address    Size  Type      Object
-----                       -------    ----  ----      ------
.iar.init_table$$Base    0x800'8624           --   Gb  - Linker created -
.iar.init_table$$Limit   0x800'8644           --   Gb  - Linker created -
?main                    0x800'8645          Code  Gb  cmain.o [4]
ADC_Init                 0x800'7369    0xf4  Code  Lc  stm32f4xx_hal_adc.o [1]
AHBPrescTable            0x800'8584    0x10  Data  Gb  system_stm32f4xx.o [1]
APBPrescTable            0x800'86cc     0x8  Data  Gb  system_stm32f4xx.o [1]
BusFault_Handler         0x800'867d     0x2  Code  Gb  stm32f4xx_it.o [1]
CSTACK$$Base            0x2000'31d0           --   Gb  - Linker created -
CSTACK$$Limit           0x2000'71d0           --   Gb  - Linker created -
CacheMore                0x800'2b35    0x24  Code  Lc  xlocale_c.o [2]
CardType                0x2000'2d49     0x1  Data  Lc  fatfs_sd.o [1]
ConvertedValue          0x2000'0138     0x4  Data  Gb  main.o [1]
ConvertedValueString    0x2000'21c0     0x4  Data  Gb  main.o [1]
DebugMon_Handler         0x800'8683     0x2  Code  Gb  stm32f4xx_it.o [1]
ExCvt                    0x800'84ac    0x80  Data  Lc  ff.o [1]
FATFS_LinkDriver         0x800'1b91    0x3c  Code  Gb  ff_gen_drv.o [1]
FatFs                   0x2000'31c0     0x4  Data  Lc  ff.o [1]
Files                   0x2000'317c    0x20  Data  Lc  ff.o [1]
Font7x10                 0x800'5f68   0x76c  Data  Lc  ssd1306_fonts.o [1]
Font_7x10               0x2000'2c9c     0x8  Data  Gb  ssd1306_fonts.o [1]
Fsid                    0x2000'31bc     0x2  Data  Lc  ff.o [1]
HAL_ADC_ConfigChannel    0x800'7201   0x168  Code  Gb  stm32f4xx_hal_adc.o [1]
HAL_ADC_GetValue         0x800'71fb     0x6  Code  Gb  stm32f4xx_hal_adc.o [1]
HAL_ADC_Init             0x800'70ad    0x56  Code  Gb  stm32f4xx_hal_adc.o [1]
HAL_ADC_MspInit          0x800'4c9d    0x58  Code  Gb  stm32f4xx_hal_msp.o [1]
HAL_ADC_Start            0x800'7103    0xf8  Code  Gb  stm32f4xx_hal_adc.o [1]
HAL_Delay                0x800'57c5    0x2c  Code  Wk  stm32f4xx_hal.o [1]
HAL_GPIO_Init            0x800'4aa5   0x18a  Code  Gb  stm32f4xx_hal_gpio.o [1]
HAL_GPIO_ReadPin         0x800'4c31     0xe  Code  Gb  stm32f4xx_hal_gpio.o [1]
HAL_GPIO_WritePin        0x800'4c3f     0x8  Code  Gb  stm32f4xx_hal_gpio.o [1]
HAL_GetTick              0x800'4e5d     0xc  Code  Wk  stm32f4xx_hal.o [1]
HAL_I2C_Init             0x800'57f1    0xdc  Code  Gb  stm32f4xx_hal_i2c.o [1]
HAL_I2C_Mem_Write        0x800'58d9   0x1bc  Code  Gb  stm32f4xx_hal_i2c.o [1]
HAL_I2C_MspInit          0x800'4cf5    0x84  Code  Gb  stm32f4xx_hal_msp.o [1]
HAL_IncTick              0x800'868d    0x10  Code  Wk  stm32f4xx_hal.o [1]
HAL_Init                 0x800'6cc1    0x34  Code  Gb  stm32f4xx_hal.o [1]
HAL_InitTick             0x800'5e7d    0x48  Code  Wk  stm32f4xx_hal.o [1]
HAL_MspInit              0x800'4c69    0x34  Code  Gb  stm32f4xx_hal_msp.o [1]
HAL_NVIC_SetPriority     0x800'5edf    0x52  Code  Gb  stm32f4xx_hal_cortex.o [1]
HAL_NVIC_SetPriorityGrouping
                         0x800'5ec5    0x1a  Code  Gb  stm32f4xx_hal_cortex.o [1]
HAL_RCC_ClockConfig      0x800'5c91   0x11c  Code  Gb  stm32f4xx_hal_rcc.o [1]
HAL_RCC_GetPCLK1Freq     0x800'5dad    0x14  Code  Gb  stm32f4xx_hal_rcc.o [1]
HAL_RCC_GetPCLK2Freq     0x800'5dc1    0x14  Code  Gb  stm32f4xx_hal_rcc.o [1]
HAL_RCC_OscConfig        0x800'7c11   0x354  Code  Wk  stm32f4xx_hal_rcc.o [1]
HAL_SPI_GetState         0x800'4a9f     0x6  Code  Gb  stm32f4xx_hal_spi.o [1]
HAL_SPI_Init             0x800'4545    0x7e  Code  Gb  stm32f4xx_hal_spi.o [1]
HAL_SPI_MspInit          0x800'4d79    0x60  Code  Gb  stm32f4xx_hal_msp.o [1]
HAL_SPI_Transmit         0x800'45c5   0x242  Code  Gb  stm32f4xx_hal_spi.o [1]
HAL_SPI_TransmitReceive
                         0x800'4809   0x296  Code  Gb  stm32f4xx_hal_spi.o [1]
HAL_SYSTICK_Config       0x800'5f31    0x22  Code  Gb  stm32f4xx_hal_cortex.o [1]
HAL_UART_Init            0x800'6cf9    0x60  Code  Gb  stm32f4xx_hal_uart.o [1]
HAL_UART_MspInit         0x800'4dd9    0x64  Code  Gb  stm32f4xx_hal_msp.o [1]
HAL_UART_Receive         0x800'6d59    0xfa  Code  Gb  stm32f4xx_hal_uart.o [1]
HardFault_Handler        0x800'8679     0x2  Code  Gb  stm32f4xx_it.o [1]
I2C_RequestMemoryWrite   0x800'5a99   0x128  Code  Lc  stm32f4xx_hal_i2c.o [1]
I2C_WaitOnBTFFlagUntilTimeout
                         0x800'5c25    0x64  Code  Lc  stm32f4xx_hal_i2c.o [1]
I2C_WaitOnTXEFlagUntilTimeout
                         0x800'5bc1    0x64  Code  Lc  stm32f4xx_hal_i2c.o [1]
LoadInt                  0x800'1d93    0x7a  Code  Lc  xprintffull.o [2]
MX_FATFS_Init            0x800'1b75    0x10  Code  Gb  fatfs.o [1]
MemManage_Handler        0x800'867b     0x2  Code  Gb  stm32f4xx_it.o [1]
NMI_Handler              0x800'8677     0x2  Code  Gb  stm32f4xx_it.o [1]
PendSV_Handler           0x800'8685     0x2  Code  Gb  stm32f4xx_it.o [1]
PowerFlag               0x2000'2d4a     0x1  Data  Lc  fatfs_sd.o [1]
Region$$Table$$Base      0x800'8624           --   Gb  - Linker created -
Region$$Table$$Limit     0x800'8644           --   Gb  - Linker created -
Ro                      0x2000'014c     0x4  Data  Gb  main.o [1]
Rs                      0x2000'0148     0x4  Data  Gb  main.o [1]
SD_PowerOn               0x800'3969    0xf4  Code  Lc  fatfs_sd.o [1]
SD_ReadyWait             0x800'38f3    0x74  Code  Lc  fatfs_sd.o [1]
SD_RxDataBlock           0x800'3a5d    0x78  Code  Lc  fatfs_sd.o [1]
SD_SendCmd               0x800'3bbf    0x96  Code  Lc  fatfs_sd.o [1]
SD_TxDataBlock           0x800'3ad5    0xea  Code  Lc  fatfs_sd.o [1]
SD_disk_initialize       0x800'3c55   0x2a6  Code  Gb  fatfs_sd.o [1]
SD_disk_ioctl            0x800'4269   0x2c6  Code  Gb  fatfs_sd.o [1]
SD_disk_read             0x800'3f09   0x160  Code  Gb  fatfs_sd.o [1]
SD_disk_status           0x800'3efb     0xe  Code  Gb  fatfs_sd.o [1]
SD_disk_write            0x800'4069   0x1fe  Code  Gb  fatfs_sd.o [1]
SPI_RxByte               0x800'38b9    0x3a  Code  Lc  fatfs_sd.o [1]
SPI_TxByte               0x800'3895    0x24  Code  Lc  fatfs_sd.o [1]
SSD1306                 0x2000'2d4c     0x8  Data  Lc  ssd1306.o [1]
SSD1306_Buffer          0x2000'2d54   0x400  Data  Lc  ssd1306.o [1]
SVC_Handler              0x800'8681     0x2  Code  Gb  stm32f4xx_it.o [1]
Stat                    0x2000'2d48     0x1  Data  Lc  fatfs_sd.o [1]
SysTick_Handler          0x800'8687     0x4  Code  Gb  stm32f4xx_it.o [1]
SystemClock_Config       0x800'6b8d    0x94  Code  Gb  main.o [1]
SystemCoreClock         0x2000'2cb0     0x4  Data  Gb  system_stm32f4xx.o [1]
SystemInit               0x800'852d    0x46  Code  Gb  system_stm32f4xx.o [1]
Timer1                  0x2000'31cc     0x1  Data  Gb  main.o [1]
Timer2                  0x2000'31cd     0x1  Data  Gb  main.o [1]
UART_SetConfig           0x800'6e53   0x248  Code  Lc  stm32f4xx_hal_uart.o [1]
USERPath                0x2000'31b8     0x4  Data  Gb  fatfs.o [1]
USER_Driver             0x2000'2cb4    0x14  Data  Gb  user_diskio.o [1]
USER_initialize          0x800'869d     0x4  Code  Gb  user_diskio.o [1]
USER_ioctl               0x800'86ad     0x4  Code  Gb  user_diskio.o [1]
USER_read                0x800'86a5     0x4  Code  Gb  user_diskio.o [1]
USER_status              0x800'86a1     0x4  Code  Gb  user_diskio.o [1]
USER_write               0x800'86a9     0x4  Code  Gb  user_diskio.o [1]
UsageFault_Handler       0x800'867f     0x2  Code  Gb  stm32f4xx_it.o [1]
Vx                      0x2000'0144     0x4  Data  Gb  main.o [1]
_Encoding_8859_1_Mbrlen
                         0x800'1b69     0x2  Code  Gb  xencoding_8859_1.o [2]
_Encoding_8859_1_Wctomb
                         0x800'1b57    0x12  Code  Gb  xencoding_8859_1.o [2]
_GenldFull               0x800'27f1   0x274  Code  Lc  xprintffull.o [2]
_LdtobFull               0x800'23ed   0x3d6  Code  Lc  xprintffull.o [2]
_LitobFull               0x800'229d   0x10a  Code  Lc  xprintffull.o [2]
_Locale_lconv           0x2000'2cc8    0x38  Data  Lc  xlocale_c.o [2]
_PrintfFull              0x800'1bd1   0x1aa  Code  Gb  xprintffull.o [2]
_PutcharsFull            0x800'2a65    0x2e  Code  Lc  xprintffull.o [2]
_PutfldFull              0x800'1e0d   0x2d4  Code  Lc  xprintffull.o [2]
_PutstrFull              0x800'21d7    0xc6  Code  Lc  xprintffull.o [2]
_PuttxtFull              0x800'20e1    0xf6  Code  Lc  xprintffull.o [2]
_SNProut                 0x800'2b17    0x1a  Code  Gb  xsnprout.o [2]
_SProut                  0x800'2bbf     0xa  Code  Gb  xsprout.o [2]
_Strtok_ssave           0x2000'31c4     0x4  Data  Lc  strtok.o [2]
__aeabi_cdcmple          0x800'3191          Code  Gb  DblCmpLe.o [3]
__aeabi_cdrcmple         0x800'31c1          Code  Gb  DblCmpGe.o [3]
__aeabi_d2f              0x800'7509          Code  Gb  DblToFlt.o [3]
__aeabi_d2iz             0x800'332d          Code  Gb  DblToS32.o [3]
__aeabi_d2uiz            0x800'36b9          Code  Gb  DblToU32.o [3]
__aeabi_dadd             0x800'3705          Code  Gb  DblAdd.o [3]
__aeabi_ddiv             0x800'3471          Code  Gb  DblDiv.o [3]
__aeabi_dmul             0x800'2f7d          Code  Gb  DblMul.o [3]
__aeabi_dsub             0x800'338d          Code  Gb  DblSub.o [3]
__aeabi_f2d              0x800'74c1          Code  Gb  FltToDbl.o [3]
__aeabi_i2d              0x800'3369          Code  Gb  S32ToDbl.o [3]
__aeabi_ldiv0            0x800'3701          Code  Gb  I64DivZer.o [4]
__aeabi_memclr           0x800'1ab1          Code  Gb  ABImemclr.o [4]
__aeabi_memclr4          0x800'5c89          Code  Gb  ABImemclr4.o [4]
__aeabi_memcpy           0x800'2ca5          Code  Gb  ABImemcpy.o [4]
__aeabi_memcpy4          0x800'2cc5          Code  Gb  ABImemcpy.o [4]
__aeabi_memcpy8          0x800'2cc5          Code  Gb  ABImemcpy.o [4]
__aeabi_memset           0x800'1af1          Code  Gb  ABImemset.o [4]
__aeabi_ui2d             0x800'36e1          Code  Gb  U32ToDbl.o [3]
__aeabi_uldivmod         0x800'2d4d          Code  Gb  I64DivMod.o [4]
__cmain                  0x800'8645          Code  Gb  cmain.o [4]
__exit                   0x800'3881    0x14  Code  Gb  exit.o [5]
__iar_Exp32              0x800'8129   0x27c  Code  Gb  iar_Exp32.o [3]
__iar_Fail_s             0x800'2bc9    0x1c  Code  Gb  xfail_s.o [2]
__iar_Mbcurmax           0x800'2c99     0xa  Code  Gb  xmbcurmax.o [2]
__iar_Memchr             0x800'2c41          Code  Gb  memchr.o [4]
__iar_Memset             0x800'1af1          Code  Gb  ABImemset.o [4]
__iar_Memset4_word       0x800'5e49          Code  Gb  ABImemset48.o [4]
__iar_Memset8_word       0x800'5e49          Code  Gb  ABImemset48.o [4]
__iar_Memset_word        0x800'1af9          Code  Gb  ABImemset.o [4]
__iar_Pow32              0x800'76ad   0x3a4  Code  Lc  pow32.o [3]
__iar_Strchr             0x800'2ba9          Code  Gb  strchr.o [4]
__iar_dadd               0x800'339d          Code  Gb  DblSub.o [3]
__iar_data_init3         0x800'85d9    0x28  Code  Gb  data_init.o [4]
__iar_dsub               0x800'3715          Code  Gb  DblAdd.o [3]
__iar_dsubStart          0x800'3727          Code  Gb  DblAdd.o [3]
__iar_frexp              0x800'312d          Code  Gb  frexp.o [3]
__iar_frexp32            0x800'80e1          Code  Gb  frexpf.o [3]
__iar_frexpf             0x800'80f5          Code  Gb  frexpf.o [3]
__iar_frexpl             0x800'312d          Code  Gb  frexp.o [3]
__iar_globLocale        0x2000'2d00    0x48  Data  Lc  xlocale_c.o [2]
__iar_global_Locale      0x800'2b31     0x4  Code  Gb  xlocale_c.o [2]
__iar_init_vfp           0x800'8601          Code  Gb  fpinit_M.o [3]
__iar_ldexp32            0x800'83e9          Code  Gb  ldexpf.o [3]
__iar_ldexp64            0x800'31f1          Code  Gb  ldexp.o [3]
__iar_log10_32           0x800'7609          Code  Gb  log10f.o [3]
__iar_log10_medium32     0x800'7609          Code  Gb  log10f.o [3]
__iar_log10_mediumf      0x800'7609          Code  Gb  log10f.o [3]
__iar_log32              0x800'8021          Code  Gb  logf.o [3]
__iar_log_medium32       0x800'8021          Code  Gb  logf.o [3]
__iar_log_mediumf        0x800'8021          Code  Gb  logf.o [3]
__iar_logf_NoFini        0x800'80b9          Code  Gb  logf.o [3]
__iar_logf_ZerNeg        0x800'80cd          Code  Gb  logf.o [3]
__iar_logf_cTab          0x800'8594          Data  Gb  logf.o [3]
__iar_lz77_init_single3
                         0x800'19b7    0x7a  Code  Gb  lz77_init_single.o [4]
__iar_pow32              0x800'7a8d     0x4  Code  Gb  pow32.o [3]
__iar_pow_medium32       0x800'7a8d     0x4  Code  Gb  pow32.o [3]
__iar_pow_mediumf        0x800'7a8d     0x4  Code  Gb  pow32.o [3]
__iar_program_start      0x800'86c1          Code  Gb  cstartup_M.o [4]
__iar_safe_logf          0x800'8041          Code  Gb  logf.o [3]
__iar_scalbln32          0x800'83e9          Code  Gb  ldexpf.o [3]
__iar_scalbln64          0x800'31f1          Code  Gb  ldexp.o [3]
__iar_scalbn32           0x800'83e9          Code  Gb  ldexpf.o [3]
__iar_scalbn64           0x800'31f1          Code  Gb  ldexp.o [3]
__iar_softfp___iar_frexp64
                         0x800'3121          Code  Gb  frexp.o [3]
__iar_softfp_frexp       0x800'3121          Code  Gb  frexp.o [3]
__iar_softfp_frexpl      0x800'3121          Code  Gb  frexp.o [3]
__iar_zero_init3         0x800'1ab7    0x3a  Code  Gb  zero_init3.o [4]
__low_level_init         0x800'8663     0x4  Code  Gb  low_level_init.o [2]
__vector_table           0x800'0000          Data  Gb  startup_stm32f411xe.o [1]
_call_main               0x800'8651          Code  Gb  cmain.o [4]
_exit                    0x800'866d          Code  Gb  cexit.o [4]
_gLocale_mblen           0x800'2b95     0x4  Code  Gb  xlocale_c.o [2]
_gLocale_mblenInt        0x800'2b59    0x2c  Code  Gb  xlocale_c.o [2]
_gLocale_wctomb          0x800'2b99     0x4  Code  Gb  xlocale_c.o [2]
_gLocale_wctombInt       0x800'2b91     0x4  Code  Gb  xlocale_c.o [2]
_main                    0x800'865f          Code  Gb  cmain.o [4]
abort                    0x800'36fb     0x6  Code  Gb  abort.o [2]
average                 0x2000'0140     0x4  Data  Gb  main.o [1]
buff                    0x2000'3154    0x28  Data  Lc  oledprint.o [1]
buffc                   0x2000'2c68    0x34  Data  Gb  main.o [1]
check_fs                 0x800'0ef5    0x70  Code  Lc  ff.o [1]
chk_lock                 0x800'01af    0x64  Code  Lc  ff.o [1]
clear_lock               0x800'02bf    0x18  Code  Lc  ff.o [1]
clmt_clust               0x800'08d1    0x56  Code  Lc  ff.o [1]
clust2sect               0x800'0423    0x1a  Code  Lc  ff.o [1]
collection              0x2000'2268   0xa00  Data  Gb  main.o [1]
comma                    0x800'7604     0x2  Data  Gb  gpsparser.o [1]
create_chain             0x800'0827    0xaa  Code  Lc  ff.o [1]
create_name              0x800'0b6d    0xf0  Code  Lc  ff.o [1]
dec_lock                 0x800'028b    0x34  Code  Lc  ff.o [1]
dir_register             0x800'09f5   0x178  Code  Lc  ff.o [1]
dir_sdi                  0x800'0927    0x96  Code  Lc  ff.o [1]
disk                    0x2000'319c     0xc  Data  Gb  ff_gen_drv.o [1]
disk_initialize          0x800'1a43    0x28  Code  Gb  diskio.o [1]
disk_ioctl               0x800'1a97    0x16  Code  Gb  diskio.o [1]
disk_read                0x800'1a6b    0x16  Code  Gb  diskio.o [1]
disk_status              0x800'1a31    0x12  Code  Gb  diskio.o [1]
disk_write               0x800'1a81    0x16  Code  Gb  diskio.o [1]
dollar                   0x800'7600     0x2  Data  Gb  gpsparser.o [1]
exit                     0x800'8667     0x4  Code  Gb  exit.o [2]
f_close                  0x800'189f    0x40  Code  Gb  ff.o [1]
f_mount                  0x800'1303    0x92  Code  Gb  ff.o [1]
f_open                   0x800'1395   0x23c  Code  Gb  ff.o [1]
f_puts                   0x800'1959    0x5e  Code  Gb  ff.o [1]
f_sync                   0x800'17e9    0xb6  Code  Gb  ff.o [1]
f_write                  0x800'15ed   0x1fc  Code  Gb  ff.o [1]
fil                     0x2000'1190  0x1030  Data  Gb  main.o [1]
find_volume              0x800'0f65   0x39e  Code  Lc  ff.o [1]
follow_path              0x800'0c6d   0x21c  Code  Lc  ff.o [1]
frexpf                   0x800'80e1          Code  Gb  frexpf.o [3]
fs                      0x2000'015c  0x1034  Data  Gb  main.o [1]
get_fat                  0x800'043d    0xfa  Code  Lc  ff.o [1]
get_fattime              0x800'1b8d     0x4  Code  Gb  fatfs.o [1]
get_ldnumber             0x800'0e89    0x6c  Code  Lc  ff.o [1]
gpsparser                0x800'7571    0x88  Code  Gb  gpsparser.o [1]
hadc1                   0x2000'0000    0x48  Data  Gb  main.o [1]
hi2c2                   0x2000'00a0    0x54  Data  Gb  main.o [1]
hspi1                   0x2000'0048    0x58  Data  Gb  main.o [1]
huart1                  0x2000'00f4    0x40  Data  Gb  main.o [1]
inc_lock                 0x800'0213    0x78  Code  Lc  ff.o [1]
index                   0x2000'31b0     0x4  Data  Gb  gpsparser.o [1]
ld_clust                 0x800'09bd    0x1e  Code  Lc  ff.o [1]
ld_dword                 0x800'0199    0x16  Code  Lc  ff.o [1]
ldexp                    0x800'31f1          Code  Gb  ldexp.o [3]
ldexpf                   0x800'83e9          Code  Gb  ldexpf.o [3]
ldexpl                   0x800'31f1          Code  Gb  ldexp.o [3]
localeconv               0x800'2b9d     0x4  Code  Gb  xlocale_c.o [2]
log10f                   0x800'7609          Code  Gb  log10f.o [3]
logf                     0x800'8021          Code  Gb  logf.o [3]
main                     0x800'66d5   0x4b8  Code  Gb  main.o [1]
memchr                   0x800'2c41          Code  Gb  memchr.o [4]
move_window              0x800'0333    0x34  Code  Lc  ff.o [1]
oledprintGPGGA1          0x800'7ad1    0xf4  Code  Gb  oledprint.o [1]
powf                     0x800'7a8d     0x4  Code  Gb  pow32.o [3]
ppm                     0x2000'0158     0x4  Data  Gb  main.o [1]
ppm_log                 0x2000'0154     0x4  Data  Gb  main.o [1]
put_fat                  0x800'0537   0x15a  Code  Lc  ff.o [1]
putc_bfd                 0x800'18e1    0x4a  Code  Lc  ff.o [1]
putc_flush               0x800'192b    0x2e  Code  Lc  ff.o [1]
ratio                   0x2000'0150     0x4  Data  Gb  main.o [1]
rawgps                  0x2000'21c4    0xa4  Data  Gb  main.o [1]
reading                 0x2000'013c     0x4  Data  Gb  main.o [1]
remove_chain             0x800'0691   0x196  Code  Lc  ff.o [1]
retUSER                 0x2000'31b4     0x1  Data  Gb  fatfs.o [1]
scalbln                  0x800'31f1          Code  Gb  ldexp.o [3]
scalblnf                 0x800'83e9          Code  Gb  ldexpf.o [3]
scalblnl                 0x800'31f1          Code  Gb  ldexp.o [3]
scalbn                   0x800'31f1          Code  Gb  ldexp.o [3]
scalbnf                  0x800'83e9          Code  Gb  ldexpf.o [3]
scalbnl                  0x800'31f1          Code  Gb  ldexp.o [3]
scale                    0x800'23a7    0x46  Code  Lc  xprintffull.o [2]
sd_write_ok             0x2000'0134     0x1  Data  Gb  main.o [1]
sec_hand                0x2000'31c8     0x4  Data  Lc  xfail_s.o [2]
snprintf                 0x800'747d    0x44  Code  Gb  snprintf.o [2]
sprintf                  0x800'7a91    0x40  Code  Gb  sprintf.o [2]
ssd1306_Fill             0x800'5219    0x36  Code  Gb  ssd1306.o [1]
ssd1306_Init             0x800'4e69   0x3ae  Code  Gb  ssd1306.o [1]
ssd1306_SetCursor        0x800'57af     0x8  Code  Gb  ssd1306.o [1]
ssd1306_UpdateScreen     0x800'524f   0x3e6  Code  Gb  ssd1306.o [1]
ssd1306_WriteChar        0x800'5635   0x150  Code  Gb  ssd1306.o [1]
ssd1306_WriteString      0x800'5785    0x2a  Code  Gb  ssd1306.o [1]
st_clust                 0x800'09db    0x18  Code  Lc  ff.o [1]
strchr                   0x800'2ba9          Code  Gb  strchr.o [4]
strcspn                  0x800'83c7    0x22  Code  Gb  strcspn.o [2]
strlen                   0x800'2c09          Code  Gb  strlen.o [4]
strncpy                  0x800'7fb1          Code  Gb  strncpy.o [4]
strspn                   0x800'83a5    0x22  Code  Gb  strspn.o [2]
strtok                   0x800'7f65    0x4c  Code  Gb  strtok.o [2]
sync_fs                  0x800'0367    0xbc  Code  Lc  ff.o [1]
sync_window              0x800'02dd    0x56  Code  Lc  ff.o [1]
tokenComma              0x2000'31ac     0x4  Data  Gb  gpsparser.o [1]
tokenDollar             0x2000'31a8     0x4  Data  Gb  gpsparser.o [1]
uwTick                  0x2000'2ca8     0x4  Data  Gb  stm32f4xx_hal.o [1]
uwTickFreq              0x2000'2ca4     0x1  Data  Gb  stm32f4xx_hal.o [1]
uwTickPrio              0x2000'2cac     0x4  Data  Gb  stm32f4xx_hal.o [1]


[1] = C:\Users\AUAVT\Desktop\STM32\SPISDCARD - GPS - OLED\EWARM\SPISDCARD\Obj
[2] = dl7M_tlf.a
[3] = m7M_tls.a
[4] = rt7M_tl.a
[5] = shb_l.a

  32 606 bytes of readonly  code memory
   2 357 bytes of readonly  data memory
  29 133 bytes of readwrite data memory

Errors: none
Warnings: none
